[2026-09-24T13:03:24.722Z][INFO] Command-line: 'C:\\Program Files\\Unity\\Hub\\Editor\\6000.5.6f1\\Editor\\Data\\Resources\\PackageManager\\Server\\UnityPackageManager.exe' server -s 4724 --ipc-path Unity-Upm-4724 -l 2 --log-file D:\\simulator/Logs/upm.log
[2026-09-24T13:03:24.760Z][INFO] IPC server started (IPC path=Unity-Upm-4724).
[2026-09-24T13:03:24.760Z][INFO] Hint: To connect to this UPM instance, launch Unity with the command-line parameter -upmIpcPath Upm-4724.
[2026-09-24T13:03:27.781Z][INFO] project:list-packages <-- Request received
params: {}
[2026-09-24T13:03:28.234Z][INFO] project:list-packages --> 200 (453 ms)
[2026-09-24T13:03:34.647Z][INFO] project:list-packages <-- Request received
params: {}
[2026-09-24T13:03:34.937Z][INFO] project:list-packages --> 200 (291 ms)
[2026-09-24T13:03:38.564Z][INFO] packages:get-all-packageinfo <-- Request received
params: {}
[2026-09-24T13:03:38.579Z][INFO] project:list-packages <-- Request received
params: {}
[2026-09-24T13:03:38.981Z][INFO] packages:get-all-packageinfo --> 200 (418 ms)
[2026-09-24T13:03:39.227Z][INFO] project:list-packages --> 200 (648 ms)
[2026-09-24T13:03:43.017Z][INFO] project:list-packages <-- Request received
params: {}
[2026-09-24T13:03:43.336Z][INFO] project:list-packages --> 200 (319 ms)
[2026-09-24T13:03:48.245Z][INFO] project:list-packages <-- Request received
params: {}
[2026-09-24T13:03:48.572Z][INFO] project:list-packages --> 200 (327 ms)
